g++ : src/main.cpp:1:9: warning: "NOMINMAX" redefined
At line:1 char:1
+ g++ -std=c++20 -DNOMINMAX -DWIN32_LEAN_AND_MEAN -I. src/main.cpp src/ ...
+ ~~~~~~~~~~~~~~~~~~~~~~~~~~~~~~~~~~~~~~~~~~~~~~~~~~~~~~~~~~~~~~~~~~~~~
    + CategoryInfo          : NotSpecified: (src/main.cpp:1:...NMAX" redefined 
   :String) [], RemoteException
    + FullyQualifiedErrorId : NativeCommandError
 
    1 | #define NOMINMAX
      |         ^~~~~~~~
<command-line>: note: this is the location of the previous definition
src/main.cpp:2:9: warning: "WIN32_LEAN_AND_MEAN" redefined
    2 | #define WIN32_LEAN_AND_MEAN
      |         ^~~~~~~~~~~~~~~~~~~
<command-line>: note: this is the location of the previous definition
src/overlay.cpp:1:9: warning: "NOMINMAX" redefined
    1 | #define NOMINMAX
      |         ^~~~~~~~
<command-line>: note: this is the location of the previous definition
src/overlay.cpp:2:9: warning: "WIN32_LEAN_AND_MEAN" redefined
    2 | #define WIN32_LEAN_AND_MEAN
      |         ^~~~~~~~~~~~~~~~~~~
<command-line>: note: this is the location of the previous definition
src/bomb_found.cpp:1:9: warning: "NOMINMAX" redefined
    1 | #define NOMINMAX
      |         ^~~~~~~~
<command-line>: note: this is the location of the previous definition
src/bomb_found.cpp:2:9: warning: "WIN32_LEAN_AND_MEAN" redefined
    2 | #define WIN32_LEAN_AND_MEAN
      |         ^~~~~~~~~~~~~~~~~~~
<command-line>: note: this is the location of the previous definition
src/aim.cpp:1:9: warning: "NOMINMAX" redefined
    1 | #define NOMINMAX
      |         ^~~~~~~~
<command-line>: note: this is the location of the previous definition
src/aim.cpp:2:9: warning: "WIN32_LEAN_AND_MEAN" redefined
    2 | #define WIN32_LEAN_AND_MEAN
      |         ^~~~~~~~~~~~~~~~~~~
<command-line>: note: this is the location of the previous definition
